******************************************************************************
                  TI ARM Linker Unix v20.2.7                   
******************************************************************************
>> Linked Wed Feb 21 10:14:58 2024

OUTPUT FILE NAME:   <Assignment1_solution.out>
ENTRY POINT SYMBOL: "_c_int00_noargs"  address: 0000074d


MEMORY CONFIGURATION

         name            origin    length      used     unused   attr    fill
----------------------  --------  ---------  --------  --------  ----  --------
  FLASH                 00000000   00040000  000007ee  0003f812  R  X
  SRAM                  20000000   00008000  00000209  00007df7  RW X


SEGMENT ALLOCATION MAP

run origin  load origin   length   init length attrs members
----------  ----------- ---------- ----------- ----- -------
00000000    00000000    000007f0   000007f0    r-x
  00000000    00000000    0000026c   0000026c    r-- .intvecs
  0000026c    0000026c    00000552   00000552    r-x .text
  000007c0    000007c0    00000030   00000030    r-- .cinit
20000000    20000000    0000020a   00000000    rw-
  20000000    20000000    00000200   00000000    rw- .stack
  20000200    20000200    00000007   00000000    rw- .data
  20000208    20000208    00000002   00000000    rw- .bss


SECTION ALLOCATION MAP

 output                                  attributes/
section   page    origin      length       input sections
--------  ----  ----------  ----------   ----------------
.intvecs   0    00000000    0000026c     
                  00000000    0000026c     tm4c123gh6pm_startup_ccs.obj (.intvecs)

.text      0    0000026c    00000552     
                  0000026c    00000100     button.obj (.text)
                  0000036c    000000fc     counter.obj (.text)
                  00000468    0000009c     rtsv7M4_T_le_v4SPD16_eabi.lib : memcpy_t2.asm.obj (.text)
                  00000504    0000007c     systick.obj (.text)
                  00000580    0000006c     countled.obj (.text)
                  000005ec    00000068     rtsv7M4_T_le_v4SPD16_eabi.lib : copy_decompress_lzss.c.obj (.text:decompress:lzss:__TI_decompress_lzss)
                  00000654    00000068     main.obj (.text)
                  000006bc    0000004c     gpio.obj (.text)
                  00000708    00000044     rtsv7M4_T_le_v4SPD16_eabi.lib : autoinit.c.obj (.text:__TI_auto_init_nobinit_nopinit:__TI_auto_init_nobinit_nopinit)
                  0000074c    00000034                                   : boot_cortex_m.c.obj (.text:_c_int00_noargs:_c_int00_noargs)
                  00000780    0000001c                                   : copy_zero_init.c.obj (.text:decompress:ZI:__TI_zero_init_nomemset:__TI_zero_init_nomemset)
                  0000079c    0000000e                                   : copy_decompress_none.c.obj (.text:decompress:none:__TI_decompress_none)
                  000007aa    0000000c     tm4c123gh6pm_startup_ccs.obj (.text)
                  000007b6    00000004     rtsv7M4_T_le_v4SPD16_eabi.lib : pre_init.c.obj (.text:_system_pre_init)
                  000007ba    00000004                                   : exit.c.obj (.text:abort:abort)

.cinit     0    000007c0    00000030     
                  000007c0    0000000c     (__TI_handler_table)
                  000007cc    00000004     --HOLE-- [fill = 0]
                  000007d0    00000008     (.cinit..bss.load) [load image, compression = zero_init]
                  000007d8    00000007     (.cinit..data.load) [load image, compression = lzss]
                  000007df    00000001     --HOLE-- [fill = 0]
                  000007e0    00000010     (__TI_cinit_table)

.init_array 
*          0    00000000    00000000     UNINITIALIZED

.data      0    20000200    00000007     UNINITIALIZED
                  20000200    00000004     counter.obj (.data)
                  20000204    00000002     systick.obj (.data)
                  20000206    00000001     button.obj (.data)

.bss       0    20000208    00000002     UNINITIALIZED
                  20000208    00000002     button.obj (.bss)

.stack     0    20000000    00000200     UNINITIALIZED
                  20000000    00000004     rtsv7M4_T_le_v4SPD16_eabi.lib : boot_cortex_m.c.obj (.stack)
                  20000004    000001fc     --HOLE--

__llvm_prf_cnts 
*          0    20000000    00000000     UNINITIALIZED

MODULE SUMMARY

       Module                         code   ro data   rw data
       ------                         ----   -------   -------
    ./
       tm4c123gh6pm_startup_ccs.obj   12     620       0      
       button.obj                     256    0         3      
       counter.obj                    252    0         4      
       systick.obj                    124    0         2      
       countled.obj                   108    0         0      
       main.obj                       104    0         0      
       gpio.obj                       76     0         0      
    +--+------------------------------+------+---------+---------+
       Total:                         932    620       9      
                                                              
    /home/jacob/ti/ccs1260/ccs/tools/compiler/ti-cgt-arm_20.2.7.LTS/lib/rtsv7M4_T_le_v4SPD16_eabi.lib
       memcpy_t2.asm.obj              156    0         0      
       copy_decompress_lzss.c.obj     104    0         0      
       autoinit.c.obj                 68     0         0      
       boot_cortex_m.c.obj            52     0         0      
       copy_zero_init.c.obj           28     0         0      
       copy_decompress_none.c.obj     14     0         0      
       exit.c.obj                     4      0         0      
       pre_init.c.obj                 4      0         0      
    +--+------------------------------+------+---------+---------+
       Total:                         430    0         0      
                                                              
       Stack:                         0      0         512    
       Linker Generated:              0      43        0      
    +--+------------------------------+------+---------+---------+
       Grand Total:                   1362   663       521    


LINKER GENERATED COPY TABLES

__TI_cinit_table @ 000007e0 records: 2, size/record: 8, table size: 16
	.bss: load addr=000007d0, load size=00000008 bytes, run addr=20000208, run size=00000002 bytes, compression=zero_init
	.data: load addr=000007d8, load size=00000007 bytes, run addr=20000200, run size=00000007 bytes, compression=lzss


LINKER GENERATED HANDLER TABLE

__TI_handler_table @ 000007c0 records: 3, size/record: 4, table size: 12
	index: 0, handler: __TI_decompress_lzss
	index: 1, handler: __TI_decompress_none
	index: 2, handler: __TI_zero_init


GLOBAL SYMBOLS: SORTED ALPHABETICALLY BY Name 

address   name                          
-------   ----                          
000007bb  C$$EXIT                       
000007ab  ResetISR                      
20000200  __STACK_END                   
00000200  __STACK_SIZE                  
20000200  __STACK_TOP                   
000007e0  __TI_CINIT_Base               
000007f0  __TI_CINIT_Limit              
000007c0  __TI_Handler_Table_Base       
000007cc  __TI_Handler_Table_Limit      
00000709  __TI_auto_init_nobinit_nopinit
000005ed  __TI_decompress_lzss          
0000079d  __TI_decompress_none          
ffffffff  __TI_pprof_out_hndl           
ffffffff  __TI_prof_data_size           
ffffffff  __TI_prof_data_start          
00000000  __TI_static_base__            
00000781  __TI_zero_init_nomemset       
00000469  __aeabi_memcpy                
00000469  __aeabi_memcpy4               
00000469  __aeabi_memcpy8               
ffffffff  __binit__                     
ffffffff  __c_args__                    
UNDEFED   __mpu_init                    
20000000  __stack                       
20000000  __start___llvm_prf_cnts       
20000000  __stop___llvm_prf_cnts        
0000074d  _c_int00_noargs               
UNDEFED   _system_post_cinit            
000007b7  _system_pre_init              
000007bb  abort                         
ffffffff  binit                         
0000026d  button_pushed                 
0000036d  counter                       
00000581  counter_leds                  
00000000  g_pfnVectors                  
000006bd  init_gpio                     
00000511  init_systick                  
00000655  main                          
00000469  memcpy                        
00000281  select_button                 
00000505  systick_handler               
20000204  ticks                         


GLOBAL SYMBOLS: SORTED BY Symbol Address 

address   name                          
-------   ----                          
00000000  __TI_static_base__            
00000000  g_pfnVectors                  
00000200  __STACK_SIZE                  
0000026d  button_pushed                 
00000281  select_button                 
0000036d  counter                       
00000469  __aeabi_memcpy                
00000469  __aeabi_memcpy4               
00000469  __aeabi_memcpy8               
00000469  memcpy                        
00000505  systick_handler               
00000511  init_systick                  
00000581  counter_leds                  
000005ed  __TI_decompress_lzss          
00000655  main                          
000006bd  init_gpio                     
00000709  __TI_auto_init_nobinit_nopinit
0000074d  _c_int00_noargs               
00000781  __TI_zero_init_nomemset       
0000079d  __TI_decompress_none          
000007ab  ResetISR                      
000007b7  _system_pre_init              
000007bb  C$$EXIT                       
000007bb  abort                         
000007c0  __TI_Handler_Table_Base       
000007cc  __TI_Handler_Table_Limit      
000007e0  __TI_CINIT_Base               
000007f0  __TI_CINIT_Limit              
20000000  __stack                       
20000000  __start___llvm_prf_cnts       
20000000  __stop___llvm_prf_cnts        
20000200  __STACK_END                   
20000200  __STACK_TOP                   
20000204  ticks                         
ffffffff  __TI_pprof_out_hndl           
ffffffff  __TI_prof_data_size           
ffffffff  __TI_prof_data_start          
ffffffff  __binit__                     
ffffffff  __c_args__                    
ffffffff  binit                         
UNDEFED   __mpu_init                    
UNDEFED   _system_post_cinit            

[42 symbols]
