******************************************************************************
                  TI ARM Linker Unix v20.2.7                   
******************************************************************************
>> Linked Thu Feb 15 13:51:55 2024

OUTPUT FILE NAME:   <systick_test.out>
ENTRY POINT SYMBOL: "_c_int00_noargs"  address: 00000539


MEMORY CONFIGURATION

         name            origin    length      used     unused   attr    fill
----------------------  --------  ---------  --------  --------  ----  --------
  FLASH                 00000000   00040000  000005a6  0003fa5a  R  X
  SRAM                  20000000   00008000  00000204  00007dfc  RW X


SEGMENT ALLOCATION MAP

run origin  load origin   length   init length attrs members
----------  ----------- ---------- ----------- ----- -------
00000000    00000000    000005a8   000005a8    r-x
  00000000    00000000    0000026c   0000026c    r-- .intvecs
  0000026c    0000026c    00000322   00000322    r-x .text
  00000590    00000590    00000018   00000018    r-- .cinit
20000000    20000000    00000204   00000000    rw-
  20000000    20000000    00000200   00000000    rw- .stack
  20000200    20000200    00000004   00000000    rw- .data


SECTION ALLOCATION MAP

 output                                  attributes/
section   page    origin      length       input sections
--------  ----  ----------  ----------   ----------------
.intvecs   0    00000000    0000026c     
                  00000000    0000026c     tm4c123gh6pm_startup_ccs.obj (.intvecs)

.text      0    0000026c    00000322     
                  0000026c    00000108     main.obj (.text)
                  00000374    0000009c     rtsv7M4_T_le_v4SPD16_eabi.lib : memcpy_t2.asm.obj (.text)
                  00000410    0000007c     systick.obj (.text)
                  0000048c    00000068     rtsv7M4_T_le_v4SPD16_eabi.lib : copy_decompress_lzss.c.obj (.text:decompress:lzss:__TI_decompress_lzss)
                  000004f4    00000044                                   : autoinit.c.obj (.text:__TI_auto_init_nobinit_nopinit:__TI_auto_init_nobinit_nopinit)
                  00000538    00000034                                   : boot_cortex_m.c.obj (.text:_c_int00_noargs:_c_int00_noargs)
                  0000056c    0000000e                                   : copy_decompress_none.c.obj (.text:decompress:none:__TI_decompress_none)
                  0000057a    0000000c     tm4c123gh6pm_startup_ccs.obj (.text)
                  00000586    00000004     rtsv7M4_T_le_v4SPD16_eabi.lib : pre_init.c.obj (.text:_system_pre_init)
                  0000058a    00000004                                   : exit.c.obj (.text:abort:abort)

.cinit     0    00000590    00000018     
                  00000590    00000008     (__TI_handler_table)
                  00000598    00000007     (.cinit..data.load) [load image, compression = lzss]
                  0000059f    00000001     --HOLE-- [fill = 0]
                  000005a0    00000008     (__TI_cinit_table)

.init_array 
*          0    00000000    00000000     UNINITIALIZED

.data      0    20000200    00000004     UNINITIALIZED
                  20000200    00000004     systick.obj (.data)

.stack     0    20000000    00000200     UNINITIALIZED
                  20000000    00000004     rtsv7M4_T_le_v4SPD16_eabi.lib : boot_cortex_m.c.obj (.stack)
                  20000004    000001fc     --HOLE--

__llvm_prf_cnts 
*          0    20000000    00000000     UNINITIALIZED

MODULE SUMMARY

       Module                         code   ro data   rw data
       ------                         ----   -------   -------
    ./
       tm4c123gh6pm_startup_ccs.obj   12     620       0      
       main.obj                       264    0         0      
       systick.obj                    124    0         4      
    +--+------------------------------+------+---------+---------+
       Total:                         400    620       4      
                                                              
    /home/jacob/ti/ccs1260/ccs/tools/compiler/ti-cgt-arm_20.2.7.LTS/lib/rtsv7M4_T_le_v4SPD16_eabi.lib
       memcpy_t2.asm.obj              156    0         0      
       copy_decompress_lzss.c.obj     104    0         0      
       autoinit.c.obj                 68     0         0      
       boot_cortex_m.c.obj            52     0         0      
       copy_decompress_none.c.obj     14     0         0      
       exit.c.obj                     4      0         0      
       pre_init.c.obj                 4      0         0      
    +--+------------------------------+------+---------+---------+
       Total:                         402    0         0      
                                                              
       Stack:                         0      0         512    
       Linker Generated:              0      23        0      
    +--+------------------------------+------+---------+---------+
       Grand Total:                   802    643       516    


LINKER GENERATED COPY TABLES

__TI_cinit_table @ 000005a0 records: 1, size/record: 8, table size: 8
	.data: load addr=00000598, load size=00000007 bytes, run addr=20000200, run size=00000004 bytes, compression=lzss


LINKER GENERATED HANDLER TABLE

__TI_handler_table @ 00000590 records: 2, size/record: 4, table size: 8
	index: 0, handler: __TI_decompress_lzss
	index: 1, handler: __TI_decompress_none


GLOBAL SYMBOLS: SORTED ALPHABETICALLY BY Name 

address   name                          
-------   ----                          
0000058b  C$$EXIT                       
0000057b  ResetISR                      
20000200  __STACK_END                   
00000200  __STACK_SIZE                  
20000200  __STACK_TOP                   
000005a0  __TI_CINIT_Base               
000005a8  __TI_CINIT_Limit              
00000590  __TI_Handler_Table_Base       
00000598  __TI_Handler_Table_Limit      
000004f5  __TI_auto_init_nobinit_nopinit
0000048d  __TI_decompress_lzss          
0000056d  __TI_decompress_none          
ffffffff  __TI_pprof_out_hndl           
ffffffff  __TI_prof_data_size           
ffffffff  __TI_prof_data_start          
00000000  __TI_static_base__            
00000375  __aeabi_memcpy                
00000375  __aeabi_memcpy4               
00000375  __aeabi_memcpy8               
ffffffff  __binit__                     
ffffffff  __c_args__                    
UNDEFED   __mpu_init                    
20000000  __stack                       
20000000  __start___llvm_prf_cnts       
20000000  __stop___llvm_prf_cnts        
00000539  _c_int00_noargs               
UNDEFED   _system_post_cinit            
00000587  _system_pre_init              
0000058b  abort                         
ffffffff  binit                         
00000000  g_pfnVectors                  
0000041b  init_systick                  
000002f7  main                          
00000375  memcpy                        
0000026d  rgbLed                        
00000411  systick_handler               
20000200  ticks                         


GLOBAL SYMBOLS: SORTED BY Symbol Address 

address   name                          
-------   ----                          
00000000  __TI_static_base__            
00000000  g_pfnVectors                  
00000200  __STACK_SIZE                  
0000026d  rgbLed                        
000002f7  main                          
00000375  __aeabi_memcpy                
00000375  __aeabi_memcpy4               
00000375  __aeabi_memcpy8               
00000375  memcpy                        
00000411  systick_handler               
0000041b  init_systick                  
0000048d  __TI_decompress_lzss          
000004f5  __TI_auto_init_nobinit_nopinit
00000539  _c_int00_noargs               
0000056d  __TI_decompress_none          
0000057b  ResetISR                      
00000587  _system_pre_init              
0000058b  C$$EXIT                       
0000058b  abort                         
00000590  __TI_Handler_Table_Base       
00000598  __TI_Handler_Table_Limit      
000005a0  __TI_CINIT_Base               
000005a8  __TI_CINIT_Limit              
20000000  __stack                       
20000000  __start___llvm_prf_cnts       
20000000  __stop___llvm_prf_cnts        
20000200  __STACK_END                   
20000200  __STACK_TOP                   
20000200  ticks                         
ffffffff  __TI_pprof_out_hndl           
ffffffff  __TI_prof_data_size           
ffffffff  __TI_prof_data_start          
ffffffff  __binit__                     
ffffffff  __c_args__                    
ffffffff  binit                         
UNDEFED   __mpu_init                    
UNDEFED   _system_post_cinit            

[37 symbols]
