******************************************************************************
                  TI ARM Linker Unix v20.2.7                   
******************************************************************************
>> Linked Fri Feb 23 18:51:02 2024

OUTPUT FILE NAME:   <Assignment2.out>
ENTRY POINT SYMBOL: "_c_int00_noargs"  address: 0000076d


MEMORY CONFIGURATION

         name            origin    length      used     unused   attr    fill
----------------------  --------  ---------  --------  --------  ----  --------
  FLASH                 00000000   00040000  0000080e  0003f7f2  R  X
  SRAM                  20000000   00008000  0000020b  00007df5  RW X


SEGMENT ALLOCATION MAP

run origin  load origin   length   init length attrs members
----------  ----------- ---------- ----------- ----- -------
00000000    00000000    00000810   00000810    r-x
  00000000    00000000    0000026c   0000026c    r-- .intvecs
  0000026c    0000026c    00000572   00000572    r-x .text
  000007e0    000007e0    00000030   00000030    r-- .cinit
20000000    20000000    0000020c   00000000    rw-
  20000000    20000000    00000200   00000000    rw- .stack
  20000200    20000200    00000009   00000000    rw- .data
  2000020a    2000020a    00000002   00000000    rw- .bss


SECTION ALLOCATION MAP

 output                                  attributes/
section   page    origin      length       input sections
--------  ----  ----------  ----------   ----------------
.intvecs   0    00000000    0000026c     
                  00000000    0000026c     tm4c123gh6pm_startup_ccs.obj (.intvecs)

.text      0    0000026c    00000572     
                  0000026c    00000194     operation.obj (.text)
                  00000400    00000100     button.obj (.text)
                  00000500    0000009c     rtsv7M4_T_le_v4SPD16_eabi.lib : memcpy_t2.asm.obj (.text)
                  0000059c    0000007c     systick.obj (.text)
                  00000618    00000068     rtsv7M4_T_le_v4SPD16_eabi.lib : copy_decompress_lzss.c.obj (.text:decompress:lzss:__TI_decompress_lzss)
                  00000680    0000005c     main.obj (.text)
                  000006dc    0000004c     gpio.obj (.text)
                  00000728    00000044     rtsv7M4_T_le_v4SPD16_eabi.lib : autoinit.c.obj (.text:__TI_auto_init_nobinit_nopinit:__TI_auto_init_nobinit_nopinit)
                  0000076c    00000034                                   : boot_cortex_m.c.obj (.text:_c_int00_noargs:_c_int00_noargs)
                  000007a0    0000001c                                   : copy_zero_init.c.obj (.text:decompress:ZI:__TI_zero_init_nomemset:__TI_zero_init_nomemset)
                  000007bc    0000000e                                   : copy_decompress_none.c.obj (.text:decompress:none:__TI_decompress_none)
                  000007ca    0000000c     tm4c123gh6pm_startup_ccs.obj (.text)
                  000007d6    00000004     rtsv7M4_T_le_v4SPD16_eabi.lib : pre_init.c.obj (.text:_system_pre_init)
                  000007da    00000004                                   : exit.c.obj (.text:abort:abort)

.cinit     0    000007e0    00000030     
                  000007e0    0000000c     (.cinit..data.load) [load image, compression = lzss]
                  000007ec    0000000c     (__TI_handler_table)
                  000007f8    00000008     (.cinit..bss.load) [load image, compression = zero_init]
                  00000800    00000010     (__TI_cinit_table)

.init_array 
*          0    00000000    00000000     UNINITIALIZED

.data      0    20000200    00000009     UNINITIALIZED
                  20000200    00000006     operation.obj (.data)
                  20000206    00000002     systick.obj (.data)
                  20000208    00000001     button.obj (.data)

.bss       0    2000020a    00000002     UNINITIALIZED
                  2000020a    00000002     button.obj (.bss)

.stack     0    20000000    00000200     UNINITIALIZED
                  20000000    00000004     rtsv7M4_T_le_v4SPD16_eabi.lib : boot_cortex_m.c.obj (.stack)
                  20000004    000001fc     --HOLE--

__llvm_prf_cnts 
*          0    20000000    00000000     UNINITIALIZED

MODULE SUMMARY

       Module                         code   ro data   rw data
       ------                         ----   -------   -------
    ./
       tm4c123gh6pm_startup_ccs.obj   12     620       0      
       operation.obj                  404    0         6      
       button.obj                     256    0         3      
       systick.obj                    124    0         2      
       main.obj                       92     0         0      
       gpio.obj                       76     0         0      
    +--+------------------------------+------+---------+---------+
       Total:                         964    620       11     
                                                              
    /home/jacob/ti/ccs1260/ccs/tools/compiler/ti-cgt-arm_20.2.7.LTS/lib/rtsv7M4_T_le_v4SPD16_eabi.lib
       memcpy_t2.asm.obj              156    0         0      
       copy_decompress_lzss.c.obj     104    0         0      
       autoinit.c.obj                 68     0         0      
       boot_cortex_m.c.obj            52     0         0      
       copy_zero_init.c.obj           28     0         0      
       copy_decompress_none.c.obj     14     0         0      
       exit.c.obj                     4      0         0      
       pre_init.c.obj                 4      0         0      
    +--+------------------------------+------+---------+---------+
       Total:                         430    0         0      
                                                              
       Stack:                         0      0         512    
       Linker Generated:              0      48        0      
    +--+------------------------------+------+---------+---------+
       Grand Total:                   1394   668       523    


LINKER GENERATED COPY TABLES

__TI_cinit_table @ 00000800 records: 2, size/record: 8, table size: 16
	.data: load addr=000007e0, load size=0000000c bytes, run addr=20000200, run size=00000009 bytes, compression=lzss
	.bss: load addr=000007f8, load size=00000008 bytes, run addr=2000020a, run size=00000002 bytes, compression=zero_init


LINKER GENERATED HANDLER TABLE

__TI_handler_table @ 000007ec records: 3, size/record: 4, table size: 12
	index: 0, handler: __TI_decompress_lzss
	index: 1, handler: __TI_decompress_none
	index: 2, handler: __TI_zero_init


GLOBAL SYMBOLS: SORTED ALPHABETICALLY BY Name 

address   name                          
-------   ----                          
000007db  C$$EXIT                       
000007cb  ResetISR                      
20000200  __STACK_END                   
00000200  __STACK_SIZE                  
20000200  __STACK_TOP                   
00000800  __TI_CINIT_Base               
00000810  __TI_CINIT_Limit              
000007ec  __TI_Handler_Table_Base       
000007f8  __TI_Handler_Table_Limit      
00000729  __TI_auto_init_nobinit_nopinit
00000619  __TI_decompress_lzss          
000007bd  __TI_decompress_none          
ffffffff  __TI_pprof_out_hndl           
ffffffff  __TI_prof_data_size           
ffffffff  __TI_prof_data_start          
00000000  __TI_static_base__            
000007a1  __TI_zero_init_nomemset       
00000501  __aeabi_memcpy                
00000501  __aeabi_memcpy4               
00000501  __aeabi_memcpy8               
ffffffff  __binit__                     
ffffffff  __c_args__                    
UNDEFED   __mpu_init                    
20000000  __stack                       
20000000  __start___llvm_prf_cnts       
20000000  __stop___llvm_prf_cnts        
0000076d  _c_int00_noargs               
UNDEFED   _system_post_cinit            
000007d7  _system_pre_init              
000007db  abort                         
ffffffff  binit                         
00000401  button_pushed                 
00000000  g_pfnVectors                  
000006dd  init_gpio                     
000005a9  init_systick                  
00000681  main                          
00000501  memcpy                        
0000026d  operation                     
00000415  select_button                 
0000059d  systick_handler               
20000206  ticks                         


GLOBAL SYMBOLS: SORTED BY Symbol Address 

address   name                          
-------   ----                          
00000000  __TI_static_base__            
00000000  g_pfnVectors                  
00000200  __STACK_SIZE                  
0000026d  operation                     
00000401  button_pushed                 
00000415  select_button                 
00000501  __aeabi_memcpy                
00000501  __aeabi_memcpy4               
00000501  __aeabi_memcpy8               
00000501  memcpy                        
0000059d  systick_handler               
000005a9  init_systick                  
00000619  __TI_decompress_lzss          
00000681  main                          
000006dd  init_gpio                     
00000729  __TI_auto_init_nobinit_nopinit
0000076d  _c_int00_noargs               
000007a1  __TI_zero_init_nomemset       
000007bd  __TI_decompress_none          
000007cb  ResetISR                      
000007d7  _system_pre_init              
000007db  C$$EXIT                       
000007db  abort                         
000007ec  __TI_Handler_Table_Base       
000007f8  __TI_Handler_Table_Limit      
00000800  __TI_CINIT_Base               
00000810  __TI_CINIT_Limit              
20000000  __stack                       
20000000  __start___llvm_prf_cnts       
20000000  __stop___llvm_prf_cnts        
20000200  __STACK_END                   
20000200  __STACK_TOP                   
20000206  ticks                         
ffffffff  __TI_pprof_out_hndl           
ffffffff  __TI_prof_data_size           
ffffffff  __TI_prof_data_start          
ffffffff  __binit__                     
ffffffff  __c_args__                    
ffffffff  binit                         
UNDEFED   __mpu_init                    
UNDEFED   _system_post_cinit            

[41 symbols]
