******************************************************************************
                  TI ARM Linker Unix v20.2.7                   
******************************************************************************
>> Linked Fri Feb 23 18:28:03 2024

OUTPUT FILE NAME:   <Assignment2.out>
ENTRY POINT SYMBOL: "_c_int00_noargs"  address: 000006dd


MEMORY CONFIGURATION

         name            origin    length      used     unused   attr    fill
----------------------  --------  ---------  --------  --------  ----  --------
  FLASH                 00000000   00040000  00000786  0003f87a  R  X
  SRAM                  20000000   00008000  0000020a  00007df6  RW X


SEGMENT ALLOCATION MAP

run origin  load origin   length   init length attrs members
----------  ----------- ---------- ----------- ----- -------
00000000    00000000    00000788   00000788    r-x
  00000000    00000000    0000026c   0000026c    r-- .intvecs
  0000026c    0000026c    000004e2   000004e2    r-x .text
  00000750    00000750    00000038   00000038    r-- .cinit
20000000    20000000    0000020a   00000000    rw-
  20000000    20000000    00000200   00000000    rw- .stack
  20000200    20000200    00000008   00000000    rw- .data
  20000208    20000208    00000002   00000000    rw- .bss


SECTION ALLOCATION MAP

 output                                  attributes/
section   page    origin      length       input sections
--------  ----  ----------  ----------   ----------------
.intvecs   0    00000000    0000026c     
                  00000000    0000026c     tm4c123gh6pm_startup_ccs.obj (.intvecs)

.text      0    0000026c    000004e2     
                  0000026c    00000104     operation.obj (.text)
                  00000370    00000100     button.obj (.text)
                  00000470    0000009c     rtsv7M4_T_le_v4SPD16_eabi.lib : memcpy_t2.asm.obj (.text)
                  0000050c    0000007c     systick.obj (.text)
                  00000588    00000068     rtsv7M4_T_le_v4SPD16_eabi.lib : copy_decompress_lzss.c.obj (.text:decompress:lzss:__TI_decompress_lzss)
                  000005f0    0000005c     main.obj (.text)
                  0000064c    0000004c     gpio.obj (.text)
                  00000698    00000044     rtsv7M4_T_le_v4SPD16_eabi.lib : autoinit.c.obj (.text:__TI_auto_init_nobinit_nopinit:__TI_auto_init_nobinit_nopinit)
                  000006dc    00000034                                   : boot_cortex_m.c.obj (.text:_c_int00_noargs:_c_int00_noargs)
                  00000710    0000001c                                   : copy_zero_init.c.obj (.text:decompress:ZI:__TI_zero_init_nomemset:__TI_zero_init_nomemset)
                  0000072c    0000000e                                   : copy_decompress_none.c.obj (.text:decompress:none:__TI_decompress_none)
                  0000073a    0000000c     tm4c123gh6pm_startup_ccs.obj (.text)
                  00000746    00000004     rtsv7M4_T_le_v4SPD16_eabi.lib : pre_init.c.obj (.text:_system_pre_init)
                  0000074a    00000004                                   : exit.c.obj (.text:abort:abort)

.cinit     0    00000750    00000038     
                  00000750    0000000d     (.cinit..data.load) [load image, compression = lzss]
                  0000075d    00000003     --HOLE-- [fill = 0]
                  00000760    0000000c     (__TI_handler_table)
                  0000076c    00000004     --HOLE-- [fill = 0]
                  00000770    00000008     (.cinit..bss.load) [load image, compression = zero_init]
                  00000778    00000010     (__TI_cinit_table)

.init_array 
*          0    00000000    00000000     UNINITIALIZED

.data      0    20000200    00000008     UNINITIALIZED
                  20000200    00000005     operation.obj (.data)
                  20000205    00000001     button.obj (.data)
                  20000206    00000002     systick.obj (.data)

.bss       0    20000208    00000002     UNINITIALIZED
                  20000208    00000002     button.obj (.bss)

.stack     0    20000000    00000200     UNINITIALIZED
                  20000000    00000004     rtsv7M4_T_le_v4SPD16_eabi.lib : boot_cortex_m.c.obj (.stack)
                  20000004    000001fc     --HOLE--

__llvm_prf_cnts 
*          0    20000000    00000000     UNINITIALIZED

MODULE SUMMARY

       Module                         code   ro data   rw data
       ------                         ----   -------   -------
    ./
       tm4c123gh6pm_startup_ccs.obj   12     620       0      
       operation.obj                  260    0         5      
       button.obj                     256    0         3      
       systick.obj                    124    0         2      
       main.obj                       92     0         0      
       gpio.obj                       76     0         0      
    +--+------------------------------+------+---------+---------+
       Total:                         820    620       10     
                                                              
    /home/jacob/ti/ccs1260/ccs/tools/compiler/ti-cgt-arm_20.2.7.LTS/lib/rtsv7M4_T_le_v4SPD16_eabi.lib
       memcpy_t2.asm.obj              156    0         0      
       copy_decompress_lzss.c.obj     104    0         0      
       autoinit.c.obj                 68     0         0      
       boot_cortex_m.c.obj            52     0         0      
       copy_zero_init.c.obj           28     0         0      
       copy_decompress_none.c.obj     14     0         0      
       exit.c.obj                     4      0         0      
       pre_init.c.obj                 4      0         0      
    +--+------------------------------+------+---------+---------+
       Total:                         430    0         0      
                                                              
       Stack:                         0      0         512    
       Linker Generated:              0      49        0      
    +--+------------------------------+------+---------+---------+
       Grand Total:                   1250   669       522    


LINKER GENERATED COPY TABLES

__TI_cinit_table @ 00000778 records: 2, size/record: 8, table size: 16
	.data: load addr=00000750, load size=0000000d bytes, run addr=20000200, run size=00000008 bytes, compression=lzss
	.bss: load addr=00000770, load size=00000008 bytes, run addr=20000208, run size=00000002 bytes, compression=zero_init


LINKER GENERATED HANDLER TABLE

__TI_handler_table @ 00000760 records: 3, size/record: 4, table size: 12
	index: 0, handler: __TI_decompress_lzss
	index: 1, handler: __TI_decompress_none
	index: 2, handler: __TI_zero_init


GLOBAL SYMBOLS: SORTED ALPHABETICALLY BY Name 

address   name                          
-------   ----                          
0000074b  C$$EXIT                       
0000073b  ResetISR                      
20000200  __STACK_END                   
00000200  __STACK_SIZE                  
20000200  __STACK_TOP                   
00000778  __TI_CINIT_Base               
00000788  __TI_CINIT_Limit              
00000760  __TI_Handler_Table_Base       
0000076c  __TI_Handler_Table_Limit      
00000699  __TI_auto_init_nobinit_nopinit
00000589  __TI_decompress_lzss          
0000072d  __TI_decompress_none          
ffffffff  __TI_pprof_out_hndl           
ffffffff  __TI_prof_data_size           
ffffffff  __TI_prof_data_start          
00000000  __TI_static_base__            
00000711  __TI_zero_init_nomemset       
00000471  __aeabi_memcpy                
00000471  __aeabi_memcpy4               
00000471  __aeabi_memcpy8               
ffffffff  __binit__                     
ffffffff  __c_args__                    
UNDEFED   __mpu_init                    
20000000  __stack                       
20000000  __start___llvm_prf_cnts       
20000000  __stop___llvm_prf_cnts        
000006dd  _c_int00_noargs               
UNDEFED   _system_post_cinit            
00000747  _system_pre_init              
0000074b  abort                         
ffffffff  binit                         
00000371  button_pushed                 
00000000  g_pfnVectors                  
0000064d  init_gpio                     
00000519  init_systick                  
000005f1  main                          
00000471  memcpy                        
0000026d  operation                     
00000385  select_button                 
0000050d  systick_handler               
20000206  ticks                         


GLOBAL SYMBOLS: SORTED BY Symbol Address 

address   name                          
-------   ----                          
00000000  __TI_static_base__            
00000000  g_pfnVectors                  
00000200  __STACK_SIZE                  
0000026d  operation                     
00000371  button_pushed                 
00000385  select_button                 
00000471  __aeabi_memcpy                
00000471  __aeabi_memcpy4               
00000471  __aeabi_memcpy8               
00000471  memcpy                        
0000050d  systick_handler               
00000519  init_systick                  
00000589  __TI_decompress_lzss          
000005f1  main                          
0000064d  init_gpio                     
00000699  __TI_auto_init_nobinit_nopinit
000006dd  _c_int00_noargs               
00000711  __TI_zero_init_nomemset       
0000072d  __TI_decompress_none          
0000073b  ResetISR                      
00000747  _system_pre_init              
0000074b  C$$EXIT                       
0000074b  abort                         
00000760  __TI_Handler_Table_Base       
0000076c  __TI_Handler_Table_Limit      
00000778  __TI_CINIT_Base               
00000788  __TI_CINIT_Limit              
20000000  __stack                       
20000000  __start___llvm_prf_cnts       
20000000  __stop___llvm_prf_cnts        
20000200  __STACK_END                   
20000200  __STACK_TOP                   
20000206  ticks                         
ffffffff  __TI_pprof_out_hndl           
ffffffff  __TI_prof_data_size           
ffffffff  __TI_prof_data_start          
ffffffff  __binit__                     
ffffffff  __c_args__                    
ffffffff  binit                         
UNDEFED   __mpu_init                    
UNDEFED   _system_post_cinit            

[41 symbols]
