******************************************************************************
                  TI ARM Linker PC v20.2.5                     
******************************************************************************
>> Linked Thu Mar  9 21:09:54 2023

OUTPUT FILE NAME:   <test2.out>
ENTRY POINT SYMBOL: "_c_int00_noargs"  address: 00000b11


MEMORY CONFIGURATION

         name            origin    length      used     unused   attr    fill
----------------------  --------  ---------  --------  --------  ----  --------
  FLASH                 00000000   00040000  00000be0  0003f420  R  X
  SRAM                  20000000   00008000  000002ac  00007d54  RW X


SEGMENT ALLOCATION MAP

run origin  load origin   length   init length attrs members
----------  ----------- ---------- ----------- ----- -------
00000000    00000000    00000be0   00000be0    r-x
  00000000    00000000    0000026c   0000026c    r-- .intvecs
  0000026c    0000026c    00000944   00000944    r-x .text
  00000bb0    00000bb0    00000030   00000030    r-- .cinit
20000000    20000000    000002ac   00000000    rw-
  20000000    20000000    00000200   00000000    rw- .stack
  20000200    20000200    000000a0   00000000    rw- .bss
  200002a0    200002a0    0000000c   00000000    rw- .data


SECTION ALLOCATION MAP

 output                                  attributes/
section   page    origin      length       input sections
--------  ----  ----------  ----------   ----------------
.intvecs   0    00000000    0000026c     
                  00000000    0000026c     tm4c123gh6pm_startup_ccs.obj (.intvecs)

.text      0    0000026c    00000944     
                  0000026c    00000284     main.obj (.text)
                  000004f0    00000164     devices.obj (.text)
                  00000654    00000104     button.obj (.text)
                  00000758    000000f0     swtimers.obj (.text)
                  00000848    000000b8     messages.obj (.text)
                  00000900    0000009c     rtsv7M4_T_le_v4SPD16_eabi.lib : memcpy_t2.asm.obj (.text)
                  0000099c    0000007c     systick.obj (.text)
                  00000a18    00000068     rtsv7M4_T_le_v4SPD16_eabi.lib : copy_decompress_lzss.c.obj (.text:decompress:lzss:__TI_decompress_lzss)
                  00000a80    0000004c     gpio.obj (.text)
                  00000acc    00000044     rtsv7M4_T_le_v4SPD16_eabi.lib : autoinit.c.obj (.text:__TI_auto_init_nobinit_nopinit:__TI_auto_init_nobinit_nopinit)
                  00000b10    00000034                                   : boot_cortex_m.c.obj (.text:_c_int00_noargs:_c_int00_noargs)
                  00000b44    0000002e     leds.obj (.text)
                  00000b72    0000001c     rtsv7M4_T_le_v4SPD16_eabi.lib : copy_zero_init.c.obj (.text:decompress:ZI:__TI_zero_init_nomemset:__TI_zero_init_nomemset)
                  00000b8e    0000000e                                   : copy_decompress_none.c.obj (.text:decompress:none:__TI_decompress_none)
                  00000b9c    0000000c     tm4c123gh6pm_startup_ccs.obj (.text)
                  00000ba8    00000004     rtsv7M4_T_le_v4SPD16_eabi.lib : pre_init.c.obj (.text:_system_pre_init)
                  00000bac    00000004                                   : exit.c.obj (.text:abort:abort)

.cinit     0    00000bb0    00000030     
                  00000bb0    0000000c     (__TI_handler_table)
                  00000bbc    00000004     --HOLE-- [fill = 0]
                  00000bc0    00000008     (.cinit..bss.load) [load image, compression = zero_init]
                  00000bc8    00000008     (.cinit..data.load) [load image, compression = lzss]
                  00000bd0    00000010     (__TI_cinit_table)

.init_array 
*          0    00000000    00000000     UNINITIALIZED

.bss       0    20000200    000000a0     UNINITIALIZED
                  20000200    00000040     (.common:msg_event)
                  20000240    00000040     (.common:msg_state)
                  20000280    00000020     (.common:POT)

.data      0    200002a0    0000000c     UNINITIALIZED
                  200002a0    00000005     main.obj (.data)
                  200002a5    00000001     button.obj (.data)
                  200002a6    00000002     --HOLE--
                  200002a8    00000004     systick.obj (.data)

.stack     0    20000000    00000200     UNINITIALIZED
                  20000000    00000004     rtsv7M4_T_le_v4SPD16_eabi.lib : boot_cortex_m.c.obj (.stack)
                  20000004    000001fc     --HOLE--

__llvm_prf_cnts 
*          0    20000000    00000000     UNINITIALIZED

MODULE SUMMARY

       Module                         code   ro data   rw data
       ------                         ----   -------   -------
    .\
       main.obj                       644    0         5      
       tm4c123gh6pm_startup_ccs.obj   12     620       0      
       devices.obj                    356    0         0      
       messages.obj                   184    0         128    
       swtimers.obj                   240    0         32     
       button.obj                     260    0         1      
       systick.obj                    124    0         4      
       gpio.obj                       76     0         0      
       leds.obj                       46     0         0      
    +--+------------------------------+------+---------+---------+
       Total:                         1942   620       170    
                                                              
    C:\ti\ccs1210\ccs\tools\compiler\ti-cgt-arm_20.2.5.LTS\lib\rtsv7M4_T_le_v4SPD16_eabi.lib
       memcpy_t2.asm.obj              156    0         0      
       copy_decompress_lzss.c.obj     104    0         0      
       autoinit.c.obj                 68     0         0      
       boot_cortex_m.c.obj            52     0         0      
       copy_zero_init.c.obj           28     0         0      
       copy_decompress_none.c.obj     14     0         0      
       exit.c.obj                     4      0         0      
       pre_init.c.obj                 4      0         0      
    +--+------------------------------+------+---------+---------+
       Total:                         430    0         0      
                                                              
       Stack:                         0      0         512    
       Linker Generated:              0      44        0      
    +--+------------------------------+------+---------+---------+
       Grand Total:                   2372   664       682    


LINKER GENERATED COPY TABLES

__TI_cinit_table @ 00000bd0 records: 2, size/record: 8, table size: 16
	.bss: load addr=00000bc0, load size=00000008 bytes, run addr=20000200, run size=000000a0 bytes, compression=zero_init
	.data: load addr=00000bc8, load size=00000008 bytes, run addr=200002a0, run size=0000000c bytes, compression=lzss


LINKER GENERATED HANDLER TABLE

__TI_handler_table @ 00000bb0 records: 3, size/record: 4, table size: 12
	index: 0, handler: __TI_decompress_lzss
	index: 1, handler: __TI_decompress_none
	index: 2, handler: __TI_zero_init


GLOBAL SYMBOLS: SORTED ALPHABETICALLY BY Name 

address   name                          
-------   ----                          
00000bad  C$$EXIT                       
20000280  POT                           
00000b9d  ResetISR                      
20000200  __STACK_END                   
00000200  __STACK_SIZE                  
20000200  __STACK_TOP                   
00000bd0  __TI_CINIT_Base               
00000be0  __TI_CINIT_Limit              
00000bb0  __TI_Handler_Table_Base       
00000bbc  __TI_Handler_Table_Limit      
00000acd  __TI_auto_init_nobinit_nopinit
00000a19  __TI_decompress_lzss          
00000b8f  __TI_decompress_none          
ffffffff  __TI_pprof_out_hndl           
ffffffff  __TI_prof_data_size           
ffffffff  __TI_prof_data_start          
00000000  __TI_static_base__            
00000b73  __TI_zero_init_nomemset       
00000901  __aeabi_memcpy                
00000901  __aeabi_memcpy4               
00000901  __aeabi_memcpy8               
ffffffff  __binit__                     
ffffffff  __c_args__                    
UNDEFED   __mpu_init                    
20000000  __stack                       
20000000  __start___llvm_prf_cnts       
20000000  __stop___llvm_prf_cnts        
00000b11  _c_int00_noargs               
UNDEFED   _system_post_cinit            
00000ba9  _system_pre_init              
00000bad  abort                         
200002a0  alive_timer                   
ffffffff  binit                         
00000655  button_pushed                 
00000669  button_task                   
00000371  flash_task                    
00000000  g_pfnVectors                  
00000849  get_msg_event                 
000008ab  get_msg_state                 
00000a81  init_gpio                     
00000801  init_swtimers                 
000009a7  init_systick                  
00000479  main                          
00000415  main_task                     
00000901  memcpy                        
20000200  msg_event                     
20000240  msg_state                     
00000887  put_msg_event                 
000008d5  put_msg_state                 
000003f9  red_task                      
00000b45  set_leds                      
0000076f  start_swtimer                 
000007a7  swt_ctrl                      
00000759  swtimer                       
0000099d  systick_handler               
200002a8  ticks                         
0000026d  tl_task                       
000004f1  turn_led                      


GLOBAL SYMBOLS: SORTED BY Symbol Address 

address   name                          
-------   ----                          
00000000  __TI_static_base__            
00000000  g_pfnVectors                  
00000200  __STACK_SIZE                  
0000026d  tl_task                       
00000371  flash_task                    
000003f9  red_task                      
00000415  main_task                     
00000479  main                          
000004f1  turn_led                      
00000655  button_pushed                 
00000669  button_task                   
00000759  swtimer                       
0000076f  start_swtimer                 
000007a7  swt_ctrl                      
00000801  init_swtimers                 
00000849  get_msg_event                 
00000887  put_msg_event                 
000008ab  get_msg_state                 
000008d5  put_msg_state                 
00000901  __aeabi_memcpy                
00000901  __aeabi_memcpy4               
00000901  __aeabi_memcpy8               
00000901  memcpy                        
0000099d  systick_handler               
000009a7  init_systick                  
00000a19  __TI_decompress_lzss          
00000a81  init_gpio                     
00000acd  __TI_auto_init_nobinit_nopinit
00000b11  _c_int00_noargs               
00000b45  set_leds                      
00000b73  __TI_zero_init_nomemset       
00000b8f  __TI_decompress_none          
00000b9d  ResetISR                      
00000ba9  _system_pre_init              
00000bad  C$$EXIT                       
00000bad  abort                         
00000bb0  __TI_Handler_Table_Base       
00000bbc  __TI_Handler_Table_Limit      
00000bd0  __TI_CINIT_Base               
00000be0  __TI_CINIT_Limit              
20000000  __stack                       
20000000  __start___llvm_prf_cnts       
20000000  __stop___llvm_prf_cnts        
20000200  __STACK_END                   
20000200  __STACK_TOP                   
20000200  msg_event                     
20000240  msg_state                     
20000280  POT                           
200002a0  alive_timer                   
200002a8  ticks                         
ffffffff  __TI_pprof_out_hndl           
ffffffff  __TI_prof_data_size           
ffffffff  __TI_prof_data_start          
ffffffff  __binit__                     
ffffffff  __c_args__                    
ffffffff  binit                         
UNDEFED   __mpu_init                    
UNDEFED   _system_post_cinit            

[58 symbols]
